------------------------------------------------------------
Timing Analyzer Summary
------------------------------------------------------------

Type  : Slow 1200mV 85C Model Setup 'avconf:avc|mI2C_CTRL_CLK'
Slack : -3.479
TNS   : -136.950

Type  : Slow 1200mV 85C Model Setup 'avconf:avc|LUT_INDEX[1]'
Slack : -3.458
TNS   : -49.717

Type  : Slow 1200mV 85C Model Setup 'Audio_Controller:Audio_Controller|audio_in_available'
Slack : -2.938
TNS   : -44.575

Type  : Slow 1200mV 85C Model Setup 'CLOCK_50'
Slack : -2.166
TNS   : -147.495

Type  : Slow 1200mV 85C Model Hold 'CLOCK_50'
Slack : 0.194
TNS   : 0.000

Type  : Slow 1200mV 85C Model Hold 'avconf:avc|mI2C_CTRL_CLK'
Slack : 0.389
TNS   : 0.000

Type  : Slow 1200mV 85C Model Hold 'Audio_Controller:Audio_Controller|audio_in_available'
Slack : 0.412
TNS   : 0.000

Type  : Slow 1200mV 85C Model Hold 'avconf:avc|LUT_INDEX[1]'
Slack : 0.549
TNS   : 0.000

Type  : Slow 1200mV 85C Model Minimum Pulse Width 'avconf:avc|mI2C_CTRL_CLK'
Slack : -1.285
TNS   : -74.530

Type  : Slow 1200mV 85C Model Minimum Pulse Width 'Audio_Controller:Audio_Controller|audio_in_available'
Slack : -1.285
TNS   : -20.560

Type  : Slow 1200mV 85C Model Minimum Pulse Width 'avconf:avc|LUT_INDEX[1]'
Slack : 0.428
TNS   : 0.000

Type  : Slow 1200mV 85C Model Minimum Pulse Width 'CLOCK_50'
Slack : 9.629
TNS   : 0.000

Type  : Slow 1200mV 0C Model Setup 'avconf:avc|LUT_INDEX[1]'
Slack : -3.180
TNS   : -46.027

Type  : Slow 1200mV 0C Model Setup 'avconf:avc|mI2C_CTRL_CLK'
Slack : -3.132
TNS   : -121.419

Type  : Slow 1200mV 0C Model Setup 'Audio_Controller:Audio_Controller|audio_in_available'
Slack : -2.629
TNS   : -39.771

Type  : Slow 1200mV 0C Model Setup 'CLOCK_50'
Slack : -1.948
TNS   : -132.449

Type  : Slow 1200mV 0C Model Hold 'CLOCK_50'
Slack : 0.160
TNS   : 0.000

Type  : Slow 1200mV 0C Model Hold 'avconf:avc|mI2C_CTRL_CLK'
Slack : 0.340
TNS   : 0.000

Type  : Slow 1200mV 0C Model Hold 'Audio_Controller:Audio_Controller|audio_in_available'
Slack : 0.437
TNS   : 0.000

Type  : Slow 1200mV 0C Model Hold 'avconf:avc|LUT_INDEX[1]'
Slack : 0.553
TNS   : 0.000

Type  : Slow 1200mV 0C Model Minimum Pulse Width 'avconf:avc|mI2C_CTRL_CLK'
Slack : -1.285
TNS   : -74.530

Type  : Slow 1200mV 0C Model Minimum Pulse Width 'Audio_Controller:Audio_Controller|audio_in_available'
Slack : -1.285
TNS   : -20.560

Type  : Slow 1200mV 0C Model Minimum Pulse Width 'avconf:avc|LUT_INDEX[1]'
Slack : 0.453
TNS   : 0.000

Type  : Slow 1200mV 0C Model Minimum Pulse Width 'CLOCK_50'
Slack : 9.648
TNS   : 0.000

Type  : Fast 1200mV 0C Model Setup 'avconf:avc|mI2C_CTRL_CLK'
Slack : -1.237
TNS   : -38.791

Type  : Fast 1200mV 0C Model Setup 'avconf:avc|LUT_INDEX[1]'
Slack : -1.235
TNS   : -17.228

Type  : Fast 1200mV 0C Model Setup 'Audio_Controller:Audio_Controller|audio_in_available'
Slack : -1.017
TNS   : -14.976

Type  : Fast 1200mV 0C Model Setup 'CLOCK_50'
Slack : -0.729
TNS   : -42.126

Type  : Fast 1200mV 0C Model Hold 'CLOCK_50'
Slack : 0.050
TNS   : 0.000

Type  : Fast 1200mV 0C Model Hold 'avconf:avc|LUT_INDEX[1]'
Slack : 0.106
TNS   : 0.000

Type  : Fast 1200mV 0C Model Hold 'avconf:avc|mI2C_CTRL_CLK'
Slack : 0.140
TNS   : 0.000

Type  : Fast 1200mV 0C Model Hold 'Audio_Controller:Audio_Controller|audio_in_available'
Slack : 0.433
TNS   : 0.000

Type  : Fast 1200mV 0C Model Minimum Pulse Width 'avconf:avc|mI2C_CTRL_CLK'
Slack : -1.000
TNS   : -58.000

Type  : Fast 1200mV 0C Model Minimum Pulse Width 'Audio_Controller:Audio_Controller|audio_in_available'
Slack : -1.000
TNS   : -16.000

Type  : Fast 1200mV 0C Model Minimum Pulse Width 'avconf:avc|LUT_INDEX[1]'
Slack : 0.385
TNS   : 0.000

Type  : Fast 1200mV 0C Model Minimum Pulse Width 'CLOCK_50'
Slack : 9.373
TNS   : 0.000

------------------------------------------------------------
